<?xml version="1.0" encoding="UTF-8"?>
<TestRun id="efdccf34-53fc-48a6-a500-79338b9a322b" name="HP-Bruker-1@ANTIVAHPPC1 2012-04-21 13:34:29" runUser="AntivaHPPC1\HP-Bruker-1" xmlns="http://microsoft.com/schemas/VisualStudio/TeamTest/2010">
  <TestSettings name="Local" id="63e443fe-ca2a-4446-97f8-47736039bcb1">
    <Description>These are default test settings for a local test run.</Description>
    <Deployment enabled="false" runDeploymentRoot="HP-Bruker-1_ANTIVAHPPC1 2012-04-21 13_34_29">
      <DeploymentItem filename="C:\GitRepositories\Weather\SharedBinaries\Libs\Spring\Spring 1.3.2\Spring.Core.dll" />
      <DeploymentItem filename="C:\GitRepositories\Weather\Weather.Application\bin\Debug\Weather.Application.dll" />
      <DeploymentItem filename="C:\GitRepositories\Weather\SharedBinaries\Libs\Spring\Spring 1.3.2\Spring.Data.dll" />
      <DeploymentItem filename="C:\GitRepositories\Weather\Weather.Infrastructure\bin\Debug\Weather.Infrastructure.dll" />
      <DeploymentItem filename="C:\GitRepositories\Weather\Weather.Model\bin\Debug\Weather.Model.dll" />
    </Deployment>
    <Execution>
      <TestTypeSpecific />
      <AgentRule name="Execution Agents">
      </AgentRule>
    </Execution>
  </TestSettings>
  <Times creation="2012-04-21T13:34:29.2150603+02:00" queuing="2012-04-21T13:34:30.7811499+02:00" start="2012-04-21T13:34:30.9461594+02:00" finish="2012-04-21T13:36:35.4382799+02:00" />
  <ResultSummary outcome="Error">
    <Counters total="1" executed="1" error="0" failed="0" timeout="0" aborted="1" inconclusive="0" passedButRunAborted="0" notRunnable="0" notExecuted="0" disconnected="0" warning="0" passed="0" completed="0" inProgress="0" pending="0" />
    <RunInfos>
      <RunInfo computerName="ANTIVAHPPC1" outcome="Error" timestamp="2012-04-21T13:36:35.4302794+02:00">
        <Text>Test host process exited unexpectedly.</Text>
      </RunInfo>
    </RunInfos>
  </ResultSummary>
  <TestDefinitions>
    <UnitTest name="GetClosestPlaceTest" storage="c:\gitrepositories\weather\weather.tests\bin\debug\weather.tests.dll" id="412eb953-d5ba-f517-828a-1f192bb1e73b">
      <Execution id="f8e8907c-7ccb-4ef1-98fb-93587a9d4ee3" />
      <TestMethod codeBase="C:/GitRepositories/Weather/Weather.Tests/bin/Debug/Weather.Tests.DLL" adapterTypeName="Microsoft.VisualStudio.TestTools.TestTypes.Unit.UnitTestAdapter, Microsoft.VisualStudio.QualityTools.Tips.UnitTest.Adapter, Version=10.0.0.0, Culture=neutral, PublicKeyToken=b03f5f7f11d50a3a" className="Weather.Tests.Application.Location.LocationAppTest, Weather.Tests, Version=1.0.0.0, Culture=neutral, PublicKeyToken=null" name="GetClosestPlaceTest" />
    </UnitTest>
  </TestDefinitions>
  <TestLists>
    <TestList name="Results Not in a List" id="8c84fa94-04c1-424b-9868-57a2d4851a1d" />
    <TestList name="All Loaded Results" id="19431567-8539-422a-85d7-44ee4e166bda" />
  </TestLists>
  <TestEntries>
    <TestEntry testId="412eb953-d5ba-f517-828a-1f192bb1e73b" executionId="f8e8907c-7ccb-4ef1-98fb-93587a9d4ee3" testListId="8c84fa94-04c1-424b-9868-57a2d4851a1d" />
  </TestEntries>
  <Results>
    <UnitTestResult executionId="f8e8907c-7ccb-4ef1-98fb-93587a9d4ee3" testId="412eb953-d5ba-f517-828a-1f192bb1e73b" testName="GetClosestPlaceTest" computerName="ANTIVAHPPC1" duration="00:02:04.3231109" startTime="2012-04-21T13:34:31.1151690+02:00" endTime="2012-04-21T13:36:35.4382799+02:00" testType="13cdc9d9-ddb5-4fa4-a97d-d965ccfc6d4b" outcome="Aborted" testListId="8c84fa94-04c1-424b-9868-57a2d4851a1d" relativeResultsDirectory="f8e8907c-7ccb-4ef1-98fb-93587a9d4ee3">
    </UnitTestResult>
  </Results>
</TestRun>