<?xml version="1.0" encoding="UTF-8"?>
<TestRun id="f5a031d1-7ead-4f8c-bc6b-dce54ac80ea7" name="HP-Bruker-1@ANTIVAHPPC1 2012-04-16 21:40:17" runUser="AntivaHPPC1\HP-Bruker-1" xmlns="http://microsoft.com/schemas/VisualStudio/TeamTest/2010">
  <TestSettings name="Local" id="63e443fe-ca2a-4446-97f8-47736039bcb1">
    <Description>These are default test settings for a local test run.</Description>
    <Deployment enabled="false" runDeploymentRoot="HP-Bruker-1_ANTIVAHPPC1 2012-04-16 21_40_17">
      <DeploymentItem filename="C:\GitRepositories\Weather\SharedBinaries\Libs\Spring\Spring 1.3.2\Spring.Core.dll" />
      <DeploymentItem filename="C:\GitRepositories\Weather\Weather.Application\bin\Debug\Weather.Application.dll" />
      <DeploymentItem filename="C:\GitRepositories\Weather\SharedBinaries\Libs\Spring\Spring 1.3.2\Spring.Data.dll" />
      <DeploymentItem filename="C:\GitRepositories\Weather\Weather.Infrastructure\bin\Debug\Weather.Infrastructure.dll" />
      <DeploymentItem filename="C:\GitRepositories\Weather\Weather.Model\bin\Debug\Weather.Model.dll" />
    </Deployment>
    <Execution>
      <TestTypeSpecific />
      <AgentRule name="Execution Agents">
      </AgentRule>
    </Execution>
  </TestSettings>
  <Times creation="2012-04-16T21:40:17.6758859+02:00" queuing="2012-04-16T21:40:17.7348892+02:00" start="2012-04-16T21:40:17.7568905+02:00" finish="2012-04-16T21:40:19.0499645+02:00" />
  <ResultSummary outcome="Completed">
    <Counters total="3" executed="3" passed="3" error="0" failed="0" timeout="0" aborted="0" inconclusive="0" passedButRunAborted="0" notRunnable="0" notExecuted="0" disconnected="0" warning="0" completed="0" inProgress="0" pending="0" />
  </ResultSummary>
  <TestDefinitions>
    <UnitTest name="QueryAllChurchesTest" storage="c:\gitrepositories\weather\weather.tests\bin\debug\weather.tests.dll" id="11783d2b-995f-4417-e252-e2f5d63e0b69">
      <Execution id="65bed088-ab3b-4a4a-80c4-635e1c0319e3" />
      <TestMethod codeBase="C:/GitRepositories/Weather/Weather.Tests/bin/Debug/Weather.Tests.DLL" adapterTypeName="Microsoft.VisualStudio.TestTools.TestTypes.Unit.UnitTestAdapter, Microsoft.VisualStudio.QualityTools.Tips.UnitTest.Adapter, Version=10.0.0.0, Culture=neutral, PublicKeyToken=b03f5f7f11d50a3a" className="Weather.Tests.Infrastructure.Dao.PlacesNorwayDaoTest, Weather.Tests, Version=1.0.0.0, Culture=neutral, PublicKeyToken=null" name="QueryAllChurchesTest" />
    </UnitTest>
    <UnitTest name="QueryAllPlacesTest" storage="c:\gitrepositories\weather\weather.tests\bin\debug\weather.tests.dll" id="0864fe4d-689f-5974-0e9d-6e9fcda025c4">
      <Execution id="0f74e7be-67b9-4058-9da7-b9c2dd3661df" />
      <TestMethod codeBase="C:/GitRepositories/Weather/Weather.Tests/bin/Debug/Weather.Tests.DLL" adapterTypeName="Microsoft.VisualStudio.TestTools.TestTypes.Unit.UnitTestAdapter, Microsoft.VisualStudio.QualityTools.Tips.UnitTest.Adapter, Version=10.0.0.0, Culture=neutral, PublicKeyToken=b03f5f7f11d50a3a" className="Weather.Tests.Infrastructure.Dao.PlacesNorwayDaoTest, Weather.Tests, Version=1.0.0.0, Culture=neutral, PublicKeyToken=null" name="QueryAllPlacesTest" />
    </UnitTest>
    <UnitTest name="GetPlaceTest" storage="c:\gitrepositories\weather\weather.tests\bin\debug\weather.tests.dll" id="bd41479b-3a45-dee0-8177-5403b84603ba">
      <Execution id="e93a651e-aff9-46d8-880f-0e1ce769cb77" />
      <TestMethod codeBase="C:/GitRepositories/Weather/Weather.Tests/bin/Debug/Weather.Tests.DLL" adapterTypeName="Microsoft.VisualStudio.TestTools.TestTypes.Unit.UnitTestAdapter, Microsoft.VisualStudio.QualityTools.Tips.UnitTest.Adapter, Version=10.0.0.0, Culture=neutral, PublicKeyToken=b03f5f7f11d50a3a" className="Weather.Tests.Infrastructure.Dao.PlacesNorwayDaoTest, Weather.Tests, Version=1.0.0.0, Culture=neutral, PublicKeyToken=null" name="GetPlaceTest" />
    </UnitTest>
  </TestDefinitions>
  <TestLists>
    <TestList name="Results Not in a List" id="8c84fa94-04c1-424b-9868-57a2d4851a1d" />
    <TestList name="All Loaded Results" id="19431567-8539-422a-85d7-44ee4e166bda" />
  </TestLists>
  <TestEntries>
    <TestEntry testId="bd41479b-3a45-dee0-8177-5403b84603ba" executionId="e93a651e-aff9-46d8-880f-0e1ce769cb77" testListId="8c84fa94-04c1-424b-9868-57a2d4851a1d" />
    <TestEntry testId="0864fe4d-689f-5974-0e9d-6e9fcda025c4" executionId="0f74e7be-67b9-4058-9da7-b9c2dd3661df" testListId="8c84fa94-04c1-424b-9868-57a2d4851a1d" />
    <TestEntry testId="11783d2b-995f-4417-e252-e2f5d63e0b69" executionId="65bed088-ab3b-4a4a-80c4-635e1c0319e3" testListId="8c84fa94-04c1-424b-9868-57a2d4851a1d" />
  </TestEntries>
  <Results>
    <UnitTestResult executionId="e93a651e-aff9-46d8-880f-0e1ce769cb77" testId="bd41479b-3a45-dee0-8177-5403b84603ba" testName="GetPlaceTest" computerName="ANTIVAHPPC1" duration="00:00:00.6729155" startTime="2012-04-16T21:40:17.7778917+02:00" endTime="2012-04-16T21:40:18.7349464+02:00" testType="13cdc9d9-ddb5-4fa4-a97d-d965ccfc6d4b" outcome="Passed" testListId="8c84fa94-04c1-424b-9868-57a2d4851a1d" relativeResultsDirectory="e93a651e-aff9-46d8-880f-0e1ce769cb77">
      <Output>
        <DebugTrace>Unable to read configuration section common/logging.  Using no-op implemenation.
</DebugTrace>
      </Output>
    </UnitTestResult>
    <UnitTestResult executionId="0f74e7be-67b9-4058-9da7-b9c2dd3661df" testId="0864fe4d-689f-5974-0e9d-6e9fcda025c4" testName="QueryAllPlacesTest" computerName="ANTIVAHPPC1" duration="00:00:00.1474789" startTime="2012-04-16T21:40:18.7419468+02:00" endTime="2012-04-16T21:40:18.9359579+02:00" testType="13cdc9d9-ddb5-4fa4-a97d-d965ccfc6d4b" outcome="Passed" testListId="8c84fa94-04c1-424b-9868-57a2d4851a1d" relativeResultsDirectory="0f74e7be-67b9-4058-9da7-b9c2dd3661df">
    </UnitTestResult>
    <UnitTestResult executionId="65bed088-ab3b-4a4a-80c4-635e1c0319e3" testId="11783d2b-995f-4417-e252-e2f5d63e0b69" testName="QueryAllChurchesTest" computerName="ANTIVAHPPC1" duration="00:00:00.0799041" startTime="2012-04-16T21:40:18.9399582+02:00" endTime="2012-04-16T21:40:19.0239630+02:00" testType="13cdc9d9-ddb5-4fa4-a97d-d965ccfc6d4b" outcome="Passed" testListId="8c84fa94-04c1-424b-9868-57a2d4851a1d" relativeResultsDirectory="65bed088-ab3b-4a4a-80c4-635e1c0319e3">
    </UnitTestResult>
  </Results>
</TestRun>